2026-May-06 21:11:53 Наличие необходимых модулей php (check_php_modules): Ok
Все необходимые модули установлены
2026-May-06 21:11:53 Обязательные параметры PHP (check_php_settings): Ok
Настройки правильные
2026-May-06 21:11:53 Модули веб-сервера (check_security): Ok
Конфликтов не выявлено
2026-May-06 21:11:53 Значения переменных сервера (check_server_vars): Ok
Корректные
2026-May-06 21:11:53 Сохранение сессии (check_session): Ok
50% done
2026-May-06 21:11:53 Сохранение сессии (check_session): Ok
Успешно
2026-May-06 21:11:53 Параметры настройки UTF (mbstring и константа BX_UTF) (check_mbstring): Ok
Правильные. Сайт работает в UTF кодировке
2026-May-06 21:11:53 Служебные скрипты в корне сайта (check_install_scripts): Ok
Отсутствуют
2026-May-06 21:11:53 Работа с сокетами (check_socket): Fail
Connection to localhost:80	Fail
Socket error [111]: Connection refused

Ошибка! Не работает
2026-May-06 21:11:53 Выполнение агентов на cron (check_bx_crontab): Warning
Замечание. Агенты выполняются на хитах, рекомендуется перевести выполнение агентов на cron
2026-May-06 21:11:53 Лишний вывод в файлах конфигурации (check_dbconn): Warning
Замечание. Не удалось проверить из-за ошибки в работе с сокетами
2026-May-06 21:11:53 Сохранение сессии без UserAgent (check_session_ua): Warning
Замечание. Не удалось проверить из-за ошибки в работе с сокетами
2026-May-06 21:11:53 Настройки сайтов (check_sites): Ok
Правильные
2026-May-06 21:11:53 Размер стека и pcre.recursion_limit (check_pcre_recursion): Warning
Замечание. Не удалось проверить из-за ошибки в работе с сокетами
2026-May-06 21:11:53 Загрузка файла (check_upload): Warning
Замечание. Не удалось проверить из-за ошибки в работе с сокетами
2026-May-06 21:11:53 Загрузка файла больше 4Мб (check_upload_big): Warning
Замечание. Не удалось проверить из-за ошибки в работе с сокетами
2026-May-06 21:11:53 Загрузка файла через php://input (check_upload_raw): Warning
Замечание. Не удалось проверить из-за ошибки в работе с сокетами
2026-May-06 21:11:53 Передача POST запроса с большим числом параметров (check_post): Warning
Замечание. Не удалось проверить из-за ошибки в работе с сокетами
2026-May-06 21:11:53 Отправка почты (check_mail): Fail
Ошибка! Не работает
2026-May-06 21:11:53 Отправка почтового сообщения больше 64Кб (check_mail_big): Fail
Ошибка! Не работает
2026-May-06 21:11:53 Проверка на наличие неотправленных сообщений (check_mail_b_event): Ok
Успешно
2026-May-06 21:11:53 Внутреннее перенаправление (функция LocalRedirect) (check_localredirect): Warning
Замечание. Не удалось проверить из-за ошибки в работе с сокетами
2026-May-06 21:11:54 Фактическое ограничение памяти (check_memory_limit): Warning
Замечание. Не удалось проверить из-за ошибки в работе с сокетами
2026-May-06 21:11:54 Работа с файлами кеша (check_cache): Ok
Успешно
2026-May-06 21:11:54 Доступ к серверу обновлений (check_update): Ok
Успешно
2026-May-06 21:11:54 HTTP авторизация (check_http_auth): Warning
Замечание. Не удалось проверить из-за ошибки в работе с сокетами
2026-May-06 21:11:54 Создание и запуск файла (check_exec): Warning
Замечание. Не удалось проверить из-за ошибки в работе с сокетами
2026-May-06 21:11:54 Функция getimagesize для swf (check_getimagesize): Ok
Успешно
2026-May-06 21:11:54 Версия MySQL-сервера (check_mysql_bug_version): Ok
Успешно
2026-May-06 21:11:55 Время на БД и веб-сервере (check_mysql_time): Ok
Успешно
2026-May-06 21:11:55 Режим работы MySQL (check_mysql_mode): Fail
Ошибка! innodb_strict_mode=ON, требуется OFF
2026-May-06 21:11:55 Кодировка соединения (check_mysql_connection_charset): Ok
character_set_connection=utf8mb4, collation_connection=utf8mb4_0900_ai_ci, character_set_results=utf8mb4
Успешно
2026-May-06 21:11:55 Кодировка базы данных (check_mysql_db_charset): Ok
CHARSET=utf8mb4, COLLATION=utf8mb4_0900_ai_ci
Успешно
2026-May-06 21:11:55 Формат хранения таблиц в БД (check_mysql_table_format): Ok
Успешно
2026-May-06 21:11:55 Кодировки таблиц в БД (check_mysql_table_charset): Ok
Успешно
2026-May-06 21:11:55 Структура базы данных (check_mysql_table_structure): Ok
0% done
2026-May-06 21:11:55 Структура базы данных (check_mysql_table_structure): Ok
5% done
2026-May-06 21:11:55 Структура базы данных (check_mysql_table_structure): Ok
11% done
2026-May-06 21:11:56 Структура базы данных (check_mysql_table_structure): Ok
16% done
2026-May-06 21:11:56 Структура базы данных (check_mysql_table_structure): Ok
22% done
2026-May-06 21:11:57 Структура базы данных (check_mysql_table_structure): Ok
27% done
2026-May-06 21:11:58 Структура базы данных (check_mysql_table_structure): Ok
33% done
2026-May-06 21:11:58 Структура базы данных (check_mysql_table_structure): Ok
38% done
2026-May-06 21:12:02 Структура базы данных (check_mysql_table_structure): Ok
44% done
2026-May-06 21:12:03 Структура базы данных (check_mysql_table_structure): Ok
50% done
2026-May-06 21:12:03 Структура базы данных (check_mysql_table_structure): Ok
55% done
2026-May-06 21:12:04 Структура базы данных (check_mysql_table_structure): Ok
61% done
2026-May-06 21:12:04 Структура базы данных (check_mysql_table_structure): Ok
66% done
2026-May-06 21:12:05 Структура базы данных (check_mysql_table_structure): Ok
72% done
2026-May-06 21:12:05 Структура базы данных (check_mysql_table_structure): Ok
77% done
2026-May-06 21:12:06 Структура базы данных (check_mysql_table_structure): Ok
83% done
2026-May-06 21:12:06 Структура базы данных (check_mysql_table_structure): Ok
88% done
2026-May-06 21:12:06 Структура базы данных (check_mysql_table_structure): Ok
94% done
2026-May-06 21:12:06 Структура базы данных (check_mysql_table_structure): Ok
Успешно
